ERC report (2026-08-26T20:23:12, Encoding UTF8)
Report includes: Errors, Warnings

***** Sheet /
[power_pin_not_driven]: Input Power pin not driven by any Output Power pins
    ; error
    @(3100 mils, 1450 mils): Symbol U5 Pin 9 [VMOT, Power input, Line]
[power_pin_not_driven]: Input Power pin not driven by any Output Power pins
    ; error
    @(3100 mils, 2350 mils): Symbol U5 Pin 15 [VIO, Power input, Line]
[power_pin_not_driven]: Input Power pin not driven by any Output Power pins
    ; error
    @(4050 mils, 4100 mils): Symbol U9 Pin 3 [AVDD, Power input, Line]
[pin_not_connected]: Pin not connected
    ; error
    @(6450 mils, 1200 mils): Symbol U11 Pin 15 [MTDI, Passive, Line]
[pin_not_connected]: Pin not connected
    ; error
    @(6600 mils, 1200 mils): Symbol U11 Pin 16 [MTDO, Passive, Line]
[pin_not_connected]: Pin not connected
    ; error
    @(6750 mils, 1200 mils): Symbol U11 Pin 17 [EN, Passive, Line]
[pin_not_connected]: Pin not connected
    ; error
    @(6900 mils, 2800 mils): Symbol U11 Pin 23 [VBAT, Passive, Line]
[pin_not_connected]: Pin not connected
    ; error
    @(7050 mils, 1200 mils): Symbol U11 Pin 19 [MTMS, Passive, Line]
[pin_not_connected]: Pin not connected
    ; error
    @(7200 mils, 1200 mils): Symbol U11 Pin 20 [MTCK, Passive, Line]
[pin_not_connected]: Pin not connected
    ; error
    @(7350 mils, 1200 mils): Symbol U11 Pin 21 [BOOT, Passive, Line]
[duplicate_pins]: Pin  on symbol 'U14' is connected to different nets: /+5V and /GND
    ; error
    @(7850 mils, 5700 mils): Symbol U14 Pin  [VOUT+, Power output, Line]
    @(8550 mils, 5950 mils): Symbol U14 Pin  [VIN-, Power input, Line]
[pin_not_connected]: Pin not connected
    ; error
    @(7950 mils, 2100 mils): Symbol U11 Pin 11 [D10, Passive, Line]
[pin_not_connected]: Pin not connected
    ; error
    @(7950 mils, 2250 mils): Symbol U11 Pin 10 [D9, Passive, Line]
[unannotated]: Item not annotated: J_EXPANSION?
    ; error
    @(9050 mils, 1900 mils): Symbol J_EXPANSION [Conn_01x14]
[pin_not_connected]: Pin not connected
    ; error
    @(9550 mils, 2200 mils): Symbol U12 Pin 24 [VDD, Power output, Line]
[duplicate_pins]: Pin  on symbol 'U13' is connected to different nets: /MOTOR_24V and /MOTOR_VMOT
    ; error
    @(10250 mils, 3500 mils): Symbol U13 Pin  [IN+, Power input, Line]
    @(10250 mils, 3600 mils): Symbol U13 Pin  [IN-, Power input, Line]
[power_pin_not_driven]: Input Power pin not driven by any Output Power pins
    ; error
    @(10250 mils, 3500 mils): Symbol U13 Pin  [IN+, Power input, Line]
[pin_not_connected]: Pin not connected
    ; error
    @(10550 mils, 2200 mils): Symbol U12 Pin 7 [VDD, Power output, Line]
[pin_not_connected]: Pin not connected
    ; error
    @(11050 mils, 3950 mils): Symbol U13 Pin  [IN-, Power input, Line]
[power_pin_not_driven]: Input Power pin not driven by any Output Power pins
    ; error
    @(11050 mils, 3950 mils): Symbol U13 Pin  [IN-, Power input, Line]
[lib_symbol_mismatch]: Symbol 'Conn_01x05' doesn't match copy in library 'Connector_Generic'
    ; warning
    @(2200 mils, 4300 mils): Symbol J28 [Conn_01x05]
[lib_symbol_mismatch]: Symbol 'TMC2208_STEPSTICK' doesn't match copy in library 'MACK10'
    ; warning
    @(2400 mils, 1550 mils): Symbol U5 [TMC2208_STEPSTICK]
[unconnected_wire_endpoint]: Unconnected wire endpoint
    ; warning
    @(3650 mils, 4250 mils): Horizontal Wire, length 100 mils
[lib_symbol_mismatch]: Symbol 'HX711' doesn't match copy in library 'Analog_ADC'
    ; warning
    @(4550 mils, 4300 mils): Symbol U9 [HX711]
[isolated_pin_label]: Label connected to only one pin
    ; warning
    @(8800 mils, 1500 mils): Label '5V'
[isolated_pin_label]: Label connected to only one pin
    ; warning
    @(13750 mils, 5200 mils): Label 'UP'
[isolated_pin_label]: Label connected to only one pin
    ; warning
    @(13800 mils, 1800 mils): Label 'LOAD_E+'
[isolated_pin_label]: Label connected to only one pin
    ; warning
    @(13800 mils, 1900 mils): Label 'LOAD_E-'
[isolated_pin_label]: Label connected to only one pin
    ; warning
    @(13800 mils, 2000 mils): Label 'LOAD_A+'
[isolated_pin_label]: Label connected to only one pin
    ; warning
    @(13800 mils, 2100 mils): Label 'LOAD_A-'
[lib_symbol_mismatch]: Symbol 'Conn_01x04' doesn't match copy in library 'Connector_Generic'
    ; warning
    @(14100 mils, 1350 mils): Symbol J16 [Conn_01x04]

 ** ERC messages: 31  Errors 20  Warnings 11

 ** Ignored checks:
    - Global label only appears once in the schematic
    - Four connection points are joined together
    - SPICE model issue
    - Assigned footprint doesn't match footprint filters
